   Compiling peachsh v0.2.0 (.\NoManCode\rust-app)
    Finished `test` profile [unoptimized + debuginfo] target(s) in 4.09s
     Running tests\cli_workflow.rs (target\debug\deps\cli_workflow-2de5cd1c7d2592fe.exe)

running 9 tests
test n13_write_reply_transport_oversize_and_escaped_token_never_retry ... ok
test n13_workflow_parse_gates_and_unknown_post_are_safe_and_single_attempt ... ok
test n11_sse_split_utf8_crlf_comments_multiline_limit_and_failure_cursor ... ok
test n01_context_routes_classify_absent_legacy_and_corrupt_without_identity_invention ... ok
test n12_host_kill_wait_recovery_and_observer_disconnect_do_not_reexecute ... ok
test n10_cli_unknown_receipt_survives_real_host_restart_without_repeating_effects ... ok
test n10_cli_real_partial_receipt_preserves_both_path_facts ... ok
test n01_n02_n04_real_cli_host_tool_restore_new_turn_and_restart ... ok
test n11_sse_keepalive_exceeds_regular_timeout_and_ignores_proxy ... ok

test result: ok. 9 passed; 0 failed; 0 ignored; 0 measured; 0 filtered out; finished in 5.13s

     Running tests\turn_http.rs (target\debug\deps\turn_http-0bb0a2a15b83178c.exe)

running 17 tests
test n17_regression_surface ... ok
test n08_write_guard ... ok
test n05_body_and_id_validation ... ok
test n01_append_and_chain ... ok
test n06_idempotency_header ... ok
test n14_config_faults_500_and_replay_first ... ok
test n04_key_binding_conflict ... ok
test n03_replay_variants ... ok
test n16_real_restart_partial_replay_resume ... ok
test n12_different_key_race ... ok

thread 'n09_session_shape_and_404' (45656) panicked at tests\turn_http.rs:642:5:
assertion `left == right` failed: {"code":"internal","error":"连续对话持久状态损坏，不能判断归属或顺序","message":"连续对话持久状态损坏，不能判断归属或顺序","retryable":false}
  left: 500
 right: 400
note: run with `RUST_BACKTRACE=1` environment variable to display a backtrace
test n09_session_shape_and_404 ... FAILED
test n11_same_key_concurrency ... ok
test n10_predecessor_states ... ok
test n02_session_sse_stream ... ok
test n13_storage_faults_safe_500 ... ok
test n15_disconnect_mid_run ... ok
n07 cumulative: fixed=200988 over_pad=1299013 over_len=1500001 boundary_pad=1299012 boundary_len=1500000
test n07_message_bounds_and_body_limit ... ok

failures:

failures:
    n09_session_shape_and_404

test result: FAILED. 16 passed; 1 failed; 0 ignored; 0 measured; 0 filtered out; finished in 4.59s

error: test failed, to rerun pass `--test turn_http`
