   Compiling proc-macro2 v1.0.107
   Compiling windows-link v0.2.1
   Compiling cfg-if v1.0.5
   Compiling smallvec v1.16.1
   Compiling pin-project-lite v0.2.17
   Compiling itoa v1.0.18
   Compiling stable_deref_trait v1.2.1
   Compiling bytes v1.12.1
   Compiling futures-core v0.3.34
   Compiling scopeguard v1.2.0
   Compiling once_cell v1.21.4
   Compiling serde_core v1.0.229
   Compiling litemap v0.8.3
   Compiling writeable v0.6.4
   Compiling log v0.4.34
   Compiling percent-encoding v2.3.2
   Compiling utf8_iter v1.0.4
   Compiling memchr v2.8.3
   Compiling futures-task v0.3.34
   Compiling tower-service v0.3.3
   Compiling zeroize v1.9.0
   Compiling slab v0.4.12
   Compiling quote v1.0.47
   Compiling serde v1.0.229
   Compiling try-lock v0.2.5
   Compiling icu_properties_data v2.3.0
   Compiling icu_normalizer_data v2.3.0
   Compiling untrusted v0.9.0
   Compiling httparse v1.10.1
   Compiling tower-layer v0.3.3
   Compiling httpdate v1.0.3
   Compiling atomic-waker v1.1.2
   Compiling windows-sys v0.61.2
   Compiling getrandom v0.2.17
   Compiling typenum v1.20.1
   Compiling bitflags v2.13.2
   Compiling lock_api v0.4.14
   Compiling parking_lot_core v0.9.12
   Compiling rustls-pki-types v1.15.1
   Compiling tracing-core v0.1.36
   Compiling want v0.3.1
   Compiling form_urlencoded v1.2.2
   Compiling sync_wrapper v1.0.2
   Compiling futures-channel v0.3.34
   Compiling zmij v1.0.23
   Compiling ring v0.17.14
   Compiling libc v0.2.189
   Compiling once_cell_polyfill v1.70.2
   Compiling base64 v0.22.1
   Compiling anstyle v1.0.14
   Compiling utf8parse v0.2.2
   Compiling leb128fmt v0.1.0
   Compiling subtle v2.6.1
   Compiling ryu v1.0.23
   Compiling ipnet v2.12.2
   Compiling libm v0.2.16
   Compiling colorchoice v1.0.5
   Compiling is_terminal_polyfill v1.70.2
   Compiling foldhash v0.1.5
   Compiling bumpalo v3.20.3
   Compiling parking_lot v0.12.5
   Compiling anstyle-parse v1.0.0
   Compiling unicode-width v0.2.2
   Compiling windows_x86_64_msvc v0.52.6
   Compiling getrandom v0.4.3
   Compiling wasm-encoder v0.259.0
   Compiling equivalent v1.0.2
   Compiling clap_lex v1.1.1
   Compiling hashbrown v0.17.1
   Compiling futures-sink v0.3.34
   Compiling mime v0.3.17
   Compiling strsim v0.11.1
   Compiling http v1.5.0
   Compiling libsqlite3-sys v0.35.0
   Compiling webpki-roots v1.0.9
   Compiling tracing v0.1.44
   Compiling wasmparser v0.228.0
   Compiling cpufeatures v0.2.17
   Compiling hashbrown v0.15.5
   Compiling fallible-streaming-iterator v0.1.9
   Compiling matchit v0.8.4
   Compiling generic-array v0.14.7
   Compiling fallible-iterator v0.3.0
   Compiling wasmi_collections v2.0.0
   Compiling unsafe-libyaml v0.2.11
   Compiling windows-targets v0.52.6
   Compiling fastrand v2.5.0
   Compiling spin v0.9.9
   Compiling windows-sys v0.59.0
   Compiling uuid v1.26.1
   Compiling anyhow v1.0.104
   Compiling indexmap v2.14.2
   Compiling hashlink v0.10.0
   Compiling syn v3.0.6
   Compiling syn v2.0.119
   Compiling wasmi_core v2.0.0
   Compiling block-buffer v0.10.4
   Compiling crypto-common v0.1.7
   Compiling rustls-webpki v0.103.15
   Compiling digest v0.10.7
   Compiling http-body v1.1.0
   Compiling http-body-util v0.1.5
   Compiling rusqlite v0.37.0
   Compiling sha2 v0.10.9
   Compiling wast v259.0.0
   Compiling axum-core v0.5.6
   Compiling wasmi_ir v2.0.0
   Compiling rustls v0.23.45
   Compiling socket2 v0.6.5
   Compiling mio v1.2.3
   Compiling anstyle-wincon v3.0.11
   Compiling anstyle-query v1.1.5
   Compiling tempfile v3.27.0
   Compiling anstream v1.0.0
   Compiling clap_builder v4.6.7
   Compiling serde_json v1.0.151
   Compiling serde_path_to_error v0.1.20
   Compiling async-stream-impl v0.3.6
   Compiling async-stream v0.3.6
   Compiling synstructure v0.14.0
   Compiling zerofrom-derive v0.1.8
   Compiling yoke-derive v0.8.3
   Compiling zerovec-derive v0.11.6
   Compiling displaydoc v0.2.7
   Compiling tokio-macros v2.7.2
   Compiling futures-macro v0.3.34
   Compiling serde_derive v1.0.229
   Compiling clap_derive v4.6.7
   Compiling tokio v1.53.1
   Compiling futures-util v0.3.34
   Compiling zerofrom v0.1.8
   Compiling yoke v0.8.3
   Compiling zerovec v0.11.8
   Compiling zerotrie v0.2.5
   Compiling clap v4.6.7
   Compiling wat v1.259.0
   Compiling wasmi v2.0.0
   Compiling tinystr v0.8.4
   Compiling potential_utf v0.1.6
   Compiling icu_collections v2.3.0
   Compiling icu_locale_core v2.3.0
   Compiling icu_provider v2.3.1
   Compiling serde_urlencoded v0.7.1
   Compiling peachsh-protocol v0.1.0 (.\NoManCode\rust-app\crates\protocol)
   Compiling serde_yaml v0.9.34+deprecated
   Compiling icu_properties v2.3.0
   Compiling icu_normalizer v2.3.0
   Compiling idna_adapter v1.2.2
   Compiling idna v1.1.0
   Compiling url v2.5.8
   Compiling hyper v1.11.1
   Compiling tower v0.5.3
   Compiling tokio-rustls v0.26.5
   Compiling tokio-util v0.7.19
   Compiling tower-http v0.6.11
   Compiling hyper-util v0.1.20
   Compiling hyper-rustls v0.27.9
   Compiling axum v0.8.9
   Compiling reqwest v0.12.28
   Compiling peachsh v0.2.0 (.\NoManCode\rust-app)
    Finished `test` profile [unoptimized + debuginfo] target(s) in 23.47s
     Running unittests src\lib.rs (target\debug\deps\peachsh-65a9b0539ea16e0f.exe)

running 1 test
test server::tests::run_context_error_preserves_typed_status_without_context_leaks ... ok

test result: ok. 1 passed; 0 failed; 0 ignored; 0 measured; 71 filtered out; finished in 0.00s
