   Compiling proc-macro2 v1.0.107
   Compiling quote v1.0.47
   Compiling unicode-ident v1.0.26
    Checking pin-project-lite v0.2.17
    Checking cfg-if v1.0.5
    Checking memchr v2.8.3
    Checking futures-core v0.3.34
   Compiling version_check v0.9.5
   Compiling serde_core v1.0.229
    Checking futures-sink v0.3.34
    Checking once_cell v1.21.4
    Checking windows-link v0.2.1
    Checking slab v0.4.12
    Checking futures-io v0.3.34
    Checking futures-task v0.3.34
   Compiling serde v1.0.229
    Checking itoa v1.0.18
   Compiling semver v1.0.28
    Checking smallvec v1.16.1
   Compiling wasm-bindgen-shared v0.2.128
   Compiling thiserror v2.0.20
    Checking bytes v1.12.1
    Checking stable_deref_trait v1.2.1
   Compiling rustversion v1.0.23
   Compiling bumpalo v3.20.3
   Compiling find-msvc-tools v0.1.13
   Compiling shlex v2.0.1
    Checking litemap v0.8.3
    Checking percent-encoding v2.3.2
    Checking writeable v0.6.4
   Compiling parking_lot_core v0.9.12
   Compiling zmij v1.0.23
   Compiling serde_json v1.0.151
   Compiling icu_normalizer_data v2.3.0
   Compiling icu_properties_data v2.3.0
    Checking windows-sys v0.61.2
    Checking scopeguard v1.2.0
    Checking utf8_iter v1.0.4
    Checking futures-channel v0.3.34
   Compiling unicode-segmentation v1.13.3
    Checking hashbrown v0.17.1
    Checking equivalent v1.0.2
    Checking lock_api v0.4.14
    Checking form_urlencoded v1.2.2
    Checking tracing-core v0.1.36
   Compiling anyhow v1.0.104
   Compiling getrandom v0.4.3
   Compiling rustc_version v0.4.1
    Checking log v0.4.34
   Compiling paste v1.0.15
   Compiling generic-array v0.14.7
    Checking http v1.5.0
   Compiling cc v1.4.7
   Compiling proc-macro2-diagnostics v0.10.1
    Checking parking v2.2.1
    Checking base64 v0.22.1
   Compiling unicode-xid v0.2.6
    Checking or_poisoned v0.1.0
   Compiling slotmap v1.1.1
    Checking throw_error v0.3.1
    Checking event-listener v5.4.2
   Compiling httparse v1.10.1
    Checking tower-service v0.3.3
   Compiling konst_macro_rules v0.2.19
   Compiling typenum v1.20.1
   Compiling convert_case v0.11.0
    Checking tracing v0.1.44
    Checking zeroize v1.9.0
    Checking event-listener-strategy v0.5.4
   Compiling reactive_graph v0.2.14
    Checking indexmap v2.14.2
   Compiling server_fn_macro v0.8.10
   Compiling konst v0.2.20
    Checking send_wrapper v0.6.0
    Checking getrandom v0.2.17
    Checking http-body v1.1.0
    Checking untrusted v0.9.0
   Compiling camino v1.2.6
   Compiling ring v0.17.14
    Checking socket2 v0.6.5
    Checking mio v1.2.3
    Checking try-lock v0.2.5
   Compiling libc v0.2.189
    Checking rustls-pki-types v1.15.1
    Checking async-lock v3.4.2
    Checking sync_wrapper v1.0.2
   Compiling thiserror v1.0.69
    Checking guardian v1.3.0
   Compiling rustls v0.23.45
    Checking bitflags v2.13.2
   Compiling libm v0.2.16
    Checking atomic-waker v1.1.2
    Checking either v1.18.0
    Checking want v0.3.1
    Checking parking_lot v0.12.5
   Compiling xxhash-rust v0.8.18
    Checking httpdate v1.0.3
    Checking tower-layer v0.3.3
    Checking rustc-hash v2.1.3
   Compiling tachys v0.2.18
   Compiling prettyplease v0.2.37
    Checking ipnet v2.12.2
    Checking once_cell_polyfill v1.70.2
   Compiling yansi v1.0.1
    Checking ryu v1.0.23
    Checking leb128fmt v0.1.0
    Checking winnow v1.0.4
   Compiling block-buffer v0.10.4
   Compiling crypto-common v0.1.7
    Checking anstyle v1.0.14
    Checking itertools v0.14.0
    Checking subtle v2.6.1
   Compiling windows_x86_64_msvc v0.52.6
    Checking utf8parse v0.2.2
   Compiling wasm-bindgen v0.2.128
   Compiling pkg-config v0.3.34
   Compiling vcpkg v0.2.15
   Compiling syn v3.0.6
   Compiling syn v2.0.119
   Compiling proc-macro-utils v0.10.0
   Compiling proc-macro-error-attr2 v2.0.0
   Compiling const_format_proc_macros v0.2.34
    Checking either_of v0.1.9
   Compiling winapi-util v0.1.11
    Checking wasm-encoder v0.259.0
    Checking anstyle-parse v1.0.0
   Compiling digest v0.10.7
    Checking toml_datetime v1.1.1+spec-1.1.0
    Checking serde_spanned v1.1.1
    Checking http-body-util v0.1.5
    Checking anstyle-wincon v3.0.11
    Checking anstyle-query v1.1.5
   Compiling manyhow-macros v0.11.4
   Compiling libsqlite3-sys v0.35.0
   Compiling server_fn v0.8.13
    Checking toml_parser v1.1.3+spec-1.1.0
   Compiling same-file v1.0.6
    Checking aho-corasick v1.1.5
   Compiling interpolator v0.5.0
    Checking erased v0.1.2
    Checking colorchoice v1.0.5
    Checking foldhash v0.1.5
    Checking const_str_slice_concat v0.1.0
    Checking drain_filter_polyfill v0.1.3
    Checking unicode-width v0.2.2
   Compiling collection_literals v1.0.3
    Checking html-escape v0.2.15
    Checking regex-syntax v0.8.11
   Compiling cpufeatures v0.2.17
    Checking is_terminal_polyfill v1.70.2
   Compiling wasmparser v0.228.0
    Checking next_tuple v0.1.0
   Compiling wasmi_ir v2.0.0
    Checking hashbrown v0.15.5
   Compiling walkdir v2.5.0
   Compiling const_format v0.2.36
   Compiling sha2 v0.10.9
    Checking anstream v1.0.0
    Checking webpki-roots v1.0.9
    Checking toml v1.1.6+spec-1.1.0
    Checking wast v259.0.0
   Compiling leptos_macro v0.8.17
    Checking convert_case v0.6.0
    Checking pathdiff v0.2.3
    Checking clap_lex v1.1.1
   Compiling base16 v0.2.1
   Compiling heck v0.5.0
    Checking mime v0.3.17
    Checking const-str v1.1.0
    Checking strsim v0.11.1
   Compiling wasmi v2.0.0
    Checking hashlink v0.10.0
    Checking wasmi_core v2.0.0
    Checking windows-targets v0.52.6
   Compiling uuid v1.26.1
    Checking serde_path_to_error v0.1.20
    Checking config v0.15.26
   Compiling convert_case_extras v0.2.0
   Compiling leptos v0.8.15
    Checking async-once-cell v0.5.4
    Checking wasmi_collections v2.0.0
    Checking clap_builder v4.6.7
    Checking fallible-streaming-iterator v0.1.9
    Checking axum-core v0.5.6
    Checking matchit v0.8.4
    Checking unsafe-libyaml v0.2.11
    Checking spin v0.9.9
    Checking regex-automata v0.4.18
   Compiling proc-macro-error2 v2.0.1
   Compiling manyhow v0.11.4
    Checking fallible-iterator v0.3.0
    Checking windows-sys v0.59.0
   Compiling synstructure v0.14.0
   Compiling wasm-bindgen-macro-support v0.2.128
   Compiling syn_derive v0.2.0
   Compiling quote-use-macros v0.8.4
   Compiling reactive_stores_macro v0.4.3
   Compiling pin-project-internal v1.1.13
   Compiling thiserror-impl v1.0.69
   Compiling typed-builder-macro v0.23.2
   Compiling wasm_split_macros v0.2.2
   Compiling async-stream-impl v0.3.6
   Compiling server_fn_macro_default v0.8.5
   Compiling serde_derive v1.0.229
   Compiling futures-macro v0.3.34
   Compiling zerofrom-derive v0.1.8
   Compiling yoke-derive v0.8.3
   Compiling thiserror-impl v2.0.20
   Compiling zerovec-derive v0.11.6
   Compiling displaydoc v0.2.7
   Compiling tokio-macros v2.7.2
   Compiling derive-where v1.7.0
   Compiling async-trait v0.1.92
   Compiling clap_derive v4.6.7
   Compiling quote-use v0.8.4
    Checking async-stream v0.3.6
    Checking wasm_split_helpers v0.2.3
   Compiling attribute-derive-macro v0.10.5
    Checking pin-project v1.1.13
    Checking rustls-webpki v0.103.15
    Checking tokio v1.53.1
    Checking futures-util v0.3.34
    Checking zerofrom v0.1.8
    Checking typed-builder v0.23.2
    Checking regex v1.13.1
    Checking rusqlite v0.37.0
    Checking yoke v0.8.3
   Compiling rstml v0.12.1
    Checking zerovec v0.11.8
    Checking zerotrie v0.2.5
    Checking wat v1.259.0
   Compiling attribute-derive v0.10.5
    Checking clap v4.6.7
    Checking tinystr v0.8.4
    Checking potential_utf v0.1.6
    Checking icu_collections v2.3.0
    Checking icu_locale_core v2.3.0
    Checking oco_ref v0.2.1
    Checking serde_urlencoded v0.7.1
    Checking serde_qs v0.15.0
    Checking peachsh-protocol v0.1.0 (NoManCode/rust-app\crates\protocol)
    Checking codee v0.3.5
    Checking serde_yaml v0.9.34+deprecated
    Checking leptos_hot_reload v0.8.6
    Checking leptos_config v0.8.10
    Checking icu_provider v2.3.1
    Checking icu_normalizer v2.3.0
    Checking icu_properties v2.3.0
   Compiling wasm-bindgen-macro v0.2.128
    Checking futures-executor v0.3.34
    Checking futures v0.3.34
    Checking hydration_context v0.3.1
    Checking idna_adapter v1.2.2
    Checking idna v1.1.0
    Checking hyper v1.11.1
    Checking tower v0.5.3
    Checking tokio-rustls v0.26.5
    Checking tokio-util v0.7.19
    Checking url v2.5.8
    Checking js-sys v0.3.105
    Checking tower-http v0.6.11
    Checking hyper-util v0.1.20
    Checking hyper-rustls v0.27.9
    Checking axum v0.8.9
    Checking reqwest v0.12.28
    Checking peachsh v0.2.0 (NoManCode/rust-app)
    Checking wasm-bindgen-futures v0.4.78
    Checking web-sys v0.3.105
    Checking any_spawner v0.3.0
    Checking reactive_stores v0.4.3
error[E0004]: non-exhaustive patterns: `&domain::ChatTurnError::UnresolvedEffects` not covered
   --> src\server.rs:623:36
    |
623 |         let (status, code) = match typed {
    |                                    ^^^^^ pattern `&domain::ChatTurnError::UnresolvedEffects` not covered
    |
note: `domain::ChatTurnError` defined here
   --> src\domain.rs:543:10
    |
543 | pub enum ChatTurnError {
    |          ^^^^^^^^^^^^^
...
561 |     UnresolvedEffects,
    |     ----------------- not covered
    = note: the matched value is of type `&domain::ChatTurnError`
help: ensure that all possible cases are being handled by adding a match arm with a wildcard pattern or an explicit pattern as shown
    |
631 ~             ChatTurnError::CorruptState => (StatusCode::INTERNAL_SERVER_ERROR, ErrorCode::Internal),
632 ~             &domain::ChatTurnError::UnresolvedEffects => todo!(),
    |

For more information about this error, try `rustc --explain E0004`.
error: could not compile `peachsh` (lib) due to 1 previous error
warning: build failed, waiting for other jobs to finish...
