   Compiling ring v0.17.14
   Compiling libsqlite3-sys v0.35.0
   Compiling rustls v0.23.45
    Checking peachsh v0.2.0 (../nhc-b-approval/NoManCode/rust-app)
    Finished `dev` profile [unoptimized + debuginfo] target(s) in 2.55s
warning: the following packages contain code that will be rejected by a future version of Rust: proc-macro-error2 v2.0.1
note: to see what the problems were, use the option `--future-incompat-report`, or run `cargo report future-incompatibilities --id 1`
   Compiling ring v0.17.14
   Compiling libsqlite3-sys v0.35.0
   Compiling rusqlite v0.37.0
   Compiling rustls-webpki v0.103.15
   Compiling rustls v0.23.45
   Compiling tokio-rustls v0.26.5
   Compiling hyper-rustls v0.27.9
   Compiling reqwest v0.12.28
   Compiling peachsh v0.2.0 (../nhc-b-approval/NoManCode/rust-app)
    Finished `test` profile [unoptimized + debuginfo] target(s) in 7.92s
     Running unittests src\lib.rs (target\debug\deps\peachsh-65a9b0539ea16e0f.exe)

running 61 tests
test approval::tests::classification_defaults_unknown_tools_to_approval_deny ... ok
test domain::tests::paths_and_names ... ok
test plugin_catalog::tests::exact_version_orders_as_numeric_triple ... ok
test domain::tests::project_session_turn_ids_do_not_follow_display_names ... ok
test approval::tests::digest_is_stable_and_preview_omits_secret_and_body ... ok
test domain::tests::session_kind_is_explicit_and_name_independent ... ok
test plugin_catalog::tests::name_charset_rules ... ok
test plugin_catalog::tests::scope_identity_uses_persisted_id_rules ... ok
test plugin_host::tests::invalid_scope_rejected ... ok
test plugin_catalog::tests::register_failure_keeps_catalog_unchanged ... ok
test plugin_catalog::tests::strict_json_rejects_duplicate_members_everywhere ... ok
test plugin_host::tests::scope_kind_is_enforced_by_catalog ... ok
test plugin_host::tests::display_name_is_not_identity ... ok
test plugin_host::tests::effect_ids_increase_deterministically ... ok
test plugin_host::tests::stop_without_dependents_succeeds_and_revokes ... ok
test plugin_host::tests::unknown_ids_are_typed ... ok
test provider::tests::utf8_sse_and_fragmented_tools ... ok
test plugin_catalog::tests::display_name_rules ... ok
test provider::tests::truncated_stream_fails ... ok
test provider::tests::balance_validation ... ok
test secrets::tests::credential_fields_redact_independently_without_token_shaped_values ... ok
test secrets::tests::authorization_assignments_redact_scheme_and_credential ... ok
test secrets::tests::credential_text_is_checked_throughout_metadata ... ok
test secrets::tests::identifier_key_and_path_limits_match_their_contracts ... ok
test secrets::tests::persisted_values_redact_nested_and_non_sk_tokens ... ok
test server::tests::turn_command_error_keeps_typed_classification_inside_a_chain ... ok
test secrets::tests::redaction ... ok
test server::tests::turn_command_error_never_turns_unknown_failures_into_4xx ... ok
test secrets::tests::ordinary_metadata_and_code_are_preserved ... ok
test server::tests::turn_command_error_maps_every_stable_variant ... ok
test server::tests::required_idempotency_key_accepts_exactly_one_clean_value ... ok
test secrets::tests::dpapi_roundtrip ... ok
test server::tests::changing_newapi_origin_requires_new_token ... ok
test repository::schema_tests::session_unique_constraint_cannot_be_replaced_by_a_partial_index ... ok
test wasm::tests::manifest_rejects_imports ... ok
test workspace::tests::file_boundaries ... ok
test wasm::tests::echo_and_limits ... ok
test workspace::tests::search_reports_project_matches ... ok
test provider::tests::done_does_not_wait_for_connection_close ... ok
test repository::schema_tests::failed_marker_write_rolls_back_all_schema_changes ... ok
test repository::schema_tests::marked_schema_6_repairs_only_the_missing_legacy_unique_index ... ok
test repository::task_identity_tests::event_resolution_rejects_preexisting_cross_table_identity_collision ... ok
test repository::task_identity_tests::repository_uses_path_and_http_idempotency_limits ... ok
test repository::task_identity_tests::events_normalize_task_ids_and_preserve_session_and_project_scope ... ok
test repository::schema_tests::partial_schema_with_missing_indexes_retries_atomically ... ok
test repository::task_identity_tests::legacy_replay_checks_relational_identity_and_redacts_historical_tasks ... ok
test repository::task_identity_tests::new_task_id_cannot_claim_an_unrelated_legacy_task ... ok
test repository::schema_tests::current_marker_does_not_hide_missing_tables_or_bad_event_columns ... ok
test repository::schema_tests::missing_index_repair_refuses_duplicate_and_crossed_task_ids ... ok
test repository::schema_tests::malformed_schema_never_advances_version_or_marker ... ok
test store::tests::partial_schema_6_table_stops_before_user_version ... ok
test repository::schema_tests::forged_named_indexes_are_rejected_even_with_valid_marker ... ok
test store::tests::event_task_must_belong_to_turn_or_session ... ok
test store::tests::legacy_create_run_redacts_prompt_messages_and_errors ... ok
test store::tests::dependencies_are_same_turn_and_acyclic ... ok
test store::tests::turn_identity_idempotency_and_rollback ... ok
test store::tests::recover_marks_running_turn_interrupted ... ok
test store::tests::review_fixes_redact_replay_and_real_legacy_run ... ok
test store::tests::schema_5_migrates_once_and_keeps_legacy_rows ... ok
test store::tests::interrupted_schema_6_retries_without_advancing_early ... ok
test store::tests::legacy_idempotency_replay_is_explicit ... ok

test result: ok. 61 passed; 0 failed; 0 ignored; 0 measured; 0 filtered out; finished in 0.14s

