   Compiling ring v0.17.14
   Compiling libsqlite3-sys v0.35.0
warning: ring@0.17.14: Compiler family detection failed due to error: ToolNotFound: failed to find tool "cl.exe": program not found (see https://docs.rs/cc/latest/cc/#compile-time-requirements for help)
warning: ring@0.17.14: Compiler family detection failed due to error: ToolNotFound: failed to find tool "cl.exe": program not found (see https://docs.rs/cc/latest/cc/#compile-time-requirements for help)
error: failed to run custom build command for `ring v0.17.14`

Caused by:
  process didn't exit successfully: `../nhc-b-approval/NoManCode/rust-app\target\debug\build\ring-28859e52ef47c4d7\build-script-build` (exit code: 1)
  --- stdout
  cargo:rerun-if-env-changed=CARGO_MANIFEST_DIR
  cargo:rerun-if-env-changed=CARGO_PKG_NAME
  cargo:rerun-if-env-changed=CARGO_PKG_VERSION_MAJOR
  cargo:rerun-if-env-changed=CARGO_PKG_VERSION_MINOR
  cargo:rerun-if-env-changed=CARGO_PKG_VERSION_PATCH
  cargo:rerun-if-env-changed=CARGO_PKG_VERSION_PRE
  cargo:rerun-if-env-changed=CARGO_MANIFEST_LINKS
  cargo:rerun-if-env-changed=RING_PREGENERATE_ASM
  cargo:rerun-if-env-changed=OUT_DIR
  cargo:rerun-if-env-changed=CARGO_CFG_TARGET_ARCH
  cargo:rerun-if-env-changed=CARGO_CFG_TARGET_OS
  cargo:rerun-if-env-changed=CARGO_CFG_TARGET_ENV
  cargo:rerun-if-env-changed=CARGO_CFG_TARGET_ENDIAN
  cargo:rerun-if-env-changed=VCINSTALLDIR
  VCINSTALLDIR = None
  cargo:rerun-if-env-changed=VSTEL_MSBuildProjectFullPath
  VSTEL_MSBuildProjectFullPath = None
  cargo:rerun-if-env-changed=VCToolsVersion
  VCToolsVersion = None
  cargo:rerun-if-env-changed=VCToolsVersion
  VCToolsVersion = None
  cargo:rerun-if-env-changed=CC_x86_64-pc-windows-msvc
  CC_x86_64-pc-windows-msvc = None
  cargo:rerun-if-env-changed=CC_x86_64_pc_windows_msvc
  CC_x86_64_pc_windows_msvc = None
  cargo:rerun-if-env-changed=HOST_CC
  HOST_CC = None
  cargo:rerun-if-env-changed=CC
  CC = None
  cargo:rerun-if-env-changed=CC_ENABLE_DEBUG_OUTPUT
  cargo:warning=Compiler family detection failed due to error: ToolNotFound: failed to find tool "cl.exe": program not found (see https://docs.rs/cc/latest/cc/#compile-time-requirements for help)
  cargo:rerun-if-env-changed=CRATE_CC_NO_DEFAULTS
  CRATE_CC_NO_DEFAULTS = None
  cargo:rerun-if-env-changed=CFLAGS
  CFLAGS = None
  cargo:rerun-if-env-changed=HOST_CFLAGS
  HOST_CFLAGS = None
  cargo:rerun-if-env-changed=CFLAGS_x86_64_pc_windows_msvc
  CFLAGS_x86_64_pc_windows_msvc = None
  cargo:rerun-if-env-changed=CFLAGS_x86_64-pc-windows-msvc
  CFLAGS_x86_64-pc-windows-msvc = None
  cargo:warning=Compiler family detection failed due to error: ToolNotFound: failed to find tool "cl.exe": program not found (see https://docs.rs/cc/latest/cc/#compile-time-requirements for help)

  --- stderr


  error occurred in cc-rs: failed to find tool "cl.exe": program not found (see https://docs.rs/cc/latest/cc/#compile-time-requirements for help)


warning: build failed, waiting for other jobs to finish...
warning: libsqlite3-sys@0.35.0: Compiler family detection failed due to error: ToolNotFound: failed to find tool "cl.exe": program not found (see https://docs.rs/cc/latest/cc/#compile-time-requirements for help)
error: failed to run custom build command for `libsqlite3-sys v0.35.0`

Caused by:
  process didn't exit successfully: `../nhc-b-approval/NoManCode/rust-app\target\debug\build\libsqlite3-sys-b1be5721d9f0d7e4\build-script-build` (exit code: 1)
  --- stdout
  cargo:rerun-if-env-changed=LIBSQLITE3_SYS_USE_PKG_CONFIG
  cargo:include=./.local/user-profile\.cargo\registry\src\index.crates.io-1949cf8c6b5b557f\libsqlite3-sys-0.35.0/sqlite3
  cargo:rerun-if-changed=sqlite3/sqlite3.c
  cargo:rerun-if-changed=sqlite3/wasm32-wasi-vfs.c
  cargo:rerun-if-env-changed=SQLITE_MAX_VARIABLE_NUMBER
  cargo:rerun-if-env-changed=SQLITE_MAX_EXPR_DEPTH
  cargo:rerun-if-env-changed=SQLITE_MAX_COLUMN
  cargo:rerun-if-env-changed=LIBSQLITE3_FLAGS
  cargo:rerun-if-env-changed=CC_FORCE_DISABLE
  CC_FORCE_DISABLE = None
  cargo:rerun-if-env-changed=VCINSTALLDIR
  VCINSTALLDIR = None
  cargo:rerun-if-env-changed=VSTEL_MSBuildProjectFullPath
  VSTEL_MSBuildProjectFullPath = None
  cargo:rerun-if-env-changed=VCToolsVersion
  VCToolsVersion = None
  cargo:rerun-if-env-changed=VCToolsVersion
  VCToolsVersion = None
  cargo:rerun-if-env-changed=CC_x86_64-pc-windows-msvc
  CC_x86_64-pc-windows-msvc = None
  cargo:rerun-if-env-changed=CC_x86_64_pc_windows_msvc
  CC_x86_64_pc_windows_msvc = None
  cargo:rerun-if-env-changed=HOST_CC
  HOST_CC = None
  cargo:rerun-if-env-changed=CC
  CC = None
  cargo:rerun-if-env-changed=CC_ENABLE_DEBUG_OUTPUT
  cargo:warning=Compiler family detection failed due to error: ToolNotFound: failed to find tool "cl.exe": program not found (see https://docs.rs/cc/latest/cc/#compile-time-requirements for help)
  cargo:rerun-if-env-changed=CRATE_CC_NO_DEFAULTS
  CRATE_CC_NO_DEFAULTS = None
  cargo:rerun-if-env-changed=CFLAGS
  CFLAGS = None
  cargo:rerun-if-env-changed=HOST_CFLAGS
  HOST_CFLAGS = None
  cargo:rerun-if-env-changed=CFLAGS_x86_64_pc_windows_msvc
  CFLAGS_x86_64_pc_windows_msvc = None
  cargo:rerun-if-env-changed=CFLAGS_x86_64-pc-windows-msvc
  CFLAGS_x86_64-pc-windows-msvc = None

  --- stderr


  error occurred in cc-rs: failed to find tool "cl.exe": program not found (see https://docs.rs/cc/latest/cc/#compile-time-requirements for help)


