    Checking ring v0.17.14
    Checking libsqlite3-sys v0.35.0
    Checking rusqlite v0.37.0
    Checking rustls-webpki v0.103.15
    Checking rustls v0.23.45
    Checking tokio-rustls v0.26.5
    Checking hyper-rustls v0.27.9
    Checking reqwest v0.12.28
    Checking peachsh v0.2.0 (../nhc-b-approval/NoManCode/rust-app)
    Finished `dev` profile [unoptimized + debuginfo] target(s) in 3.91s
warning: the following packages contain code that will be rejected by a future version of Rust: proc-macro-error2 v2.0.1
note: to see what the problems were, use the option `--future-incompat-report`, or run `cargo report future-incompatibilities --id 1`
   Compiling peachsh v0.2.0 (../nhc-b-approval/NoManCode/rust-app)
    Finished `test` profile [unoptimized + debuginfo] target(s) in 5.05s
     Running tests\runtime.rs (target\debug\deps\runtime-9e43e31e1e107083.exe)

running 10 tests
test restart_and_http_security ... ok
test schema_v1_migrates_to_current_version ... ok
test wasm_plugin_runs_through_agent_tool_boundary ... ok
test conflicts_cancel_and_configuration_lock ... ok
test http_run_exposes_domain_and_session_events_with_conflict_replay ... ok
test explicit_session_kind_survives_arbitrary_member_names ... ok
test multiple_keys_limits_identity_and_resume ... ok
test tool_execution_and_path_rejection ... ok
test dependency_order_summary_and_cycle_rejection ... ok
test replace_existing_file_preserves_hardlink_and_command_permission ... ok

test result: ok. 10 passed; 0 failed; 0 ignored; 0 measured; 0 filtered out; finished in 0.55s

