   Compiling proc-macro2 v1.0.107
   Compiling quote v1.0.47
   Compiling version_check v0.9.5
    Checking memchr v2.8.3
   Compiling serde_core v1.0.229
    Checking pin-project-lite v0.2.17
   Compiling semver v1.0.28
    Checking unicode-ident v1.0.26
   Compiling wasm-bindgen-shared v0.2.128
   Compiling thiserror v2.0.20
    Checking futures-core v0.3.34
   Compiling rustversion v1.0.23
    Checking futures-sink v0.3.34
    Checking futures-task v0.3.34
    Checking slab v0.4.12
    Checking futures-io v0.3.34
   Compiling serde v1.0.229
    Checking stable_deref_trait v1.2.1
    Checking once_cell v1.21.4
    Checking cfg-if v1.0.5
    Checking litemap v0.8.3
   Compiling zmij v1.0.23
    Checking writeable v0.6.4
   Compiling unicode-xid v0.2.6
   Compiling icu_properties_data v2.3.0
   Compiling serde_json v1.0.151
   Compiling smallvec v1.16.1
    Checking utf8_iter v1.0.4
   Compiling icu_normalizer_data v2.3.0
   Compiling convert_case v0.11.0
   Compiling paste v1.0.15
    Checking or_poisoned v0.1.0
    Checking itoa v1.0.18
    Checking event-listener v5.4.2
    Checking throw_error v0.3.1
    Checking hashbrown v0.17.1
    Checking equivalent v1.0.2
    Checking futures-channel v0.3.34
   Compiling anyhow v1.0.104
   Compiling camino v1.2.6
    Checking send_wrapper v0.6.0
   Compiling rustc_version v0.4.1
   Compiling windows-sys v0.61.2
    Checking either v1.18.0
    Checking guardian v1.3.0
    Checking rustc-hash v2.1.3
   Compiling thiserror v1.0.69
    Checking percent-encoding v2.3.2
    Checking bytes v1.12.1
   Compiling prettyplease v0.2.37
    Checking konst_macro_rules v0.2.19
    Checking event-listener-strategy v0.5.4
    Checking winnow v1.0.4
    Checking itertools v0.14.0
   Compiling getrandom v0.4.3
    Checking form_urlencoded v1.2.2
   Compiling proc-macro2-diagnostics v0.10.1
   Compiling generic-array v0.14.7
   Compiling slotmap v1.1.1
   Compiling server_fn_macro v0.8.10
    Checking indexmap v2.14.2
   Compiling reactive_graph v0.2.14
   Compiling tachys v0.2.18
    Checking async-lock v3.4.2
   Compiling winapi-util v0.1.11
    Checking konst v0.2.20
    Checking http v1.5.0
   Compiling server_fn v0.8.13
    Checking toml_parser v1.1.3+spec-1.1.0
    Checking aho-corasick v1.1.5
    Checking next_tuple v0.1.0
   Compiling collection_literals v1.0.3
    Checking regex-syntax v0.8.11
    Checking html-escape v0.2.15
    Checking drain_filter_polyfill v0.1.3
   Compiling same-file v1.0.6
    Checking yansi v1.0.1
    Checking erased v0.1.2
    Checking const_str_slice_concat v0.1.0
    Checking unicode-segmentation v1.13.3
   Compiling interpolator v0.5.0
   Compiling leptos_macro v0.8.17
   Compiling base16 v0.2.1
    Checking xxhash-rust v0.8.18
    Checking const-str v1.1.0
    Checking pathdiff v0.2.3
   Compiling wasm-bindgen v0.2.128
    Checking either_of v0.1.9
    Checking base64 v0.22.1
   Compiling leptos v0.8.15
   Compiling convert_case_extras v0.2.0
   Compiling walkdir v2.5.0
   Compiling uuid v1.26.1
    Checking async-once-cell v0.5.4
    Checking serde_spanned v1.1.1
    Checking toml_datetime v1.1.1+spec-1.1.0
    Checking syn v2.0.119
   Compiling syn v3.0.6
   Compiling proc-macro-utils v0.10.0
    Checking convert_case v0.6.0
   Compiling proc-macro-error-attr2 v2.0.0
   Compiling const_format_proc_macros v0.2.34
    Checking toml v1.1.6+spec-1.1.0
   Compiling crypto-common v0.1.7
   Compiling block-buffer v0.10.4
   Compiling manyhow-macros v0.11.4
    Checking regex-automata v0.4.18
    Checking config v0.15.26
   Compiling const_format v0.2.36
   Compiling digest v0.10.7
   Compiling sha2 v0.10.9
    Checking regex v1.13.1
   Compiling proc-macro-error2 v2.0.1
   Compiling manyhow v0.11.4
   Compiling synstructure v0.14.0
   Compiling wasm-bindgen-macro-support v0.2.128
   Compiling syn_derive v0.2.0
   Compiling quote-use-macros v0.8.4
   Compiling reactive_stores_macro v0.4.3
   Compiling pin-project-internal v1.1.13
   Compiling thiserror-impl v1.0.69
   Compiling server_fn_macro_default v0.8.5
   Compiling typed-builder-macro v0.23.2
   Compiling wasm_split_macros v0.2.2
   Compiling serde_derive v1.0.229
   Compiling thiserror-impl v2.0.20
   Compiling futures-macro v0.3.34
   Compiling zerofrom-derive v0.1.8
   Compiling yoke-derive v0.8.3
   Compiling zerovec-derive v0.11.6
   Compiling displaydoc v0.2.7
   Compiling derive-where v1.7.0
   Compiling async-trait v0.1.92
   Compiling quote-use v0.8.4
    Checking wasm_split_helpers v0.2.3
   Compiling attribute-derive-macro v0.10.5
    Checking pin-project v1.1.13
    Checking futures-util v0.3.34
    Checking typed-builder v0.23.2
    Checking zerofrom v0.1.8
   Compiling attribute-derive v0.10.5
   Compiling wasm-bindgen-macro v0.2.128
    Checking rstml v0.12.1
    Checking yoke v0.8.3
    Checking futures-executor v0.3.34
    Checking futures v0.3.34
    Checking hydration_context v0.3.1
    Checking oco_ref v0.2.1
    Checking serde_qs v0.15.0
    Checking codee v0.3.5
    Checking leptos_config v0.8.10
    Checking peachsh-protocol v0.1.0 (./.local/temp/fufu-b11-review-30b643772f\crates\protocol)
    Checking zerovec v0.11.8
    Checking zerotrie v0.2.5
    Checking leptos_hot_reload v0.8.6
    Checking js-sys v0.3.105
    Checking tinystr v0.8.4
    Checking potential_utf v0.1.6
    Checking icu_collections v2.3.0
    Checking icu_locale_core v2.3.0
    Checking icu_provider v2.3.1
    Checking icu_normalizer v2.3.0
    Checking icu_properties v2.3.0
    Checking idna_adapter v1.2.2
    Checking idna v1.1.0
    Checking url v2.5.8
    Checking wasm-bindgen-futures v0.4.78
    Checking web-sys v0.3.105
    Checking any_spawner v0.3.0
    Checking gloo-utils v0.2.0
    Checking wasm-streams v0.5.0
    Checking gloo-net v0.6.0
    Checking reactive_stores v0.4.3
    Checking leptos_server v0.8.7
    Checking leptos_dom v0.8.8
    Checking peachsh-ui v0.1.0 (./.local/temp/fufu-b11-review-30b643772f\crates\ui)
    Finished `dev` profile [unoptimized + debuginfo] target(s) in 36.72s
warning: the following packages contain code that will be rejected by a future version of Rust: proc-macro-error2 v2.0.1
note: to see what the problems were, use the option `--future-incompat-report`, or run `cargo report future-incompatibilities --id 1`
