    Checking windows-sys v0.61.2
    Checking futures-channel v0.3.34
    Checking serde_core v1.0.229
    Checking wasm-encoder v0.259.0
    Checking futures-util v0.3.34
    Checking async-stream v0.3.6
    Checking fastrand v2.5.0
    Checking zerofrom v0.1.8
    Checking yoke v0.8.3
    Checking zerovec v0.11.8
    Checking zerotrie v0.2.5
    Checking wast v259.0.0
    Checking tinystr v0.8.4
    Checking potential_utf v0.1.6
    Checking icu_collections v2.3.0
    Checking icu_locale_core v2.3.0
    Checking icu_provider v2.3.1
    Checking serde v1.0.229
    Checking serde_json v1.0.151
    Checking serde_path_to_error v0.1.20
    Checking icu_normalizer v2.3.0
    Checking icu_properties v2.3.0
    Checking socket2 v0.6.5
    Checking mio v1.2.3
    Checking anstyle-wincon v3.0.11
    Checking anstyle-query v1.1.5
    Checking tempfile v3.27.0
    Checking anstream v1.0.0
    Checking serde_urlencoded v0.7.1
    Checking serde_yaml v0.9.34+deprecated
    Checking tokio v1.53.1
    Checking clap_builder v4.6.7
    Checking peachsh-protocol v0.1.0 (../nhc-d-git-diff\NoManCode\rust-app\crates\protocol)
    Checking idna_adapter v1.2.2
    Checking idna v1.1.0
    Checking url v2.5.8
    Checking clap v4.6.7
    Checking wat v1.259.0
    Checking wasmi v2.0.0
    Checking hyper v1.11.1
    Checking tower v0.5.3
    Checking tokio-rustls v0.26.5
    Checking tokio-util v0.7.19
    Checking tower-http v0.6.11
    Checking hyper-util v0.1.20
    Checking hyper-rustls v0.27.9
    Checking axum v0.8.9
    Checking reqwest v0.12.28
    Checking peachsh v0.2.0 (../nhc-d-git-diff\NoManCode\rust-app)
error: this `if` statement can be collapsed
   --> tests\..\src\git_diff.rs:574:5
    |
574 | /     if let Some(original) = working {
575 | |         if work(&root, &path)
576 | |             .await
577 | |             .map_err(|_| GitDiffError::Conflict)?
...   |
582 | |     }
    | |_____^
    |
    = help: for further information visit https://rust-lang.github.io/rust-clippy/rust-1.98.0/index.html#collapsible_if
    = note: `-D clippy::collapsible-if` implied by `-D warnings`
    = help: to override `-D warnings` add `#[allow(clippy::collapsible_if)]`
help: collapse nested if block
    |
574 ~     if let Some(original) = working
575 ~         && work(&root, &path)
576 |             .await
...
580 |             return Err(GitDiffError::Conflict);
581 ~         }
    |

error: could not compile `peachsh` (test "git_diff") due to 1 previous error
