    Checking memchr v2.8.3
    Checking pin-project-lite v0.2.17
    Checking unicode-ident v1.0.26
    Checking futures-core v0.3.34
    Checking futures-sink v0.3.34
    Checking slab v0.4.12
    Checking futures-task v0.3.34
    Checking futures-io v0.3.34
    Checking stable_deref_trait v1.2.1
    Checking cfg-if v1.0.5
    Checking once_cell v1.21.4
    Checking writeable v0.6.4
    Checking litemap v0.8.3
    Checking itoa v1.0.18
    Checking or_poisoned v0.1.0
   Compiling serde_core v1.0.229
   Compiling serde v1.0.229
   Compiling wasm-bindgen-shared v0.2.128
   Compiling thiserror v2.0.20
   Compiling zmij v1.0.23
    Checking utf8_iter v1.0.4
   Compiling serde_json v1.0.151
   Compiling icu_properties_data v2.3.0
   Compiling icu_normalizer_data v2.3.0
    Checking hashbrown v0.17.1
    Checking equivalent v1.0.2
    Checking zerofrom v0.1.8
   Compiling slotmap v1.1.1
   Compiling proc-macro2 v1.0.107
    Checking smallvec v1.16.1
   Compiling reactive_graph v0.2.14
   Compiling quote v1.0.47
    Checking throw_error v0.3.1
    Checking event-listener v5.4.2
    Checking send_wrapper v0.6.0
    Checking rustc-hash v2.1.3
    Checking either v1.18.0
    Checking percent-encoding v2.3.2
    Checking guardian v1.3.0
    Checking futures-channel v0.3.34
   Compiling thiserror v1.0.69
   Compiling wasm-bindgen v0.2.128
    Checking bytes v1.12.1
    Checking winnow v1.0.4
    Checking konst_macro_rules v0.2.19
    Checking yoke v0.8.3
   Compiling tachys v0.2.18
    Checking pin-project v1.1.13
    Checking either_of v0.1.9
   Compiling proc-macro2-diagnostics v0.10.1
    Checking erased v0.1.2
    Checking yansi v1.0.1
    Checking html-escape v0.2.15
    Checking const_str_slice_concat v0.1.0
    Checking next_tuple v0.1.0
    Checking unicode-segmentation v1.13.3
    Checking drain_filter_polyfill v0.1.3
    Checking regex-syntax v0.8.11
    Checking form_urlencoded v1.2.2
   Compiling server_fn v0.8.13
   Compiling camino v1.2.6
   Compiling anyhow v1.0.104
    Checking pathdiff v0.2.3
    Checking base64 v0.22.1
    Checking xxhash-rust v0.8.18
    Checking same-file v1.0.6
    Checking const-str v1.1.0
    Checking event-listener-strategy v0.5.4
    Checking typed-builder v0.23.2
    Checking aho-corasick v1.1.5
    Checking konst v0.2.20
    Checking async-once-cell v0.5.4
   Compiling leptos v0.8.15
    Checking futures-util v0.3.34
    Checking zerovec v0.11.8
    Checking zerotrie v0.2.5
    Checking itertools v0.14.0
    Checking walkdir v2.5.0
    Checking async-lock v3.4.2
    Checking wasm_split_helpers v0.2.3
    Checking const_format v0.2.36
    Checking indexmap v2.14.2
    Checking convert_case v0.6.0
    Checking http v1.5.0
    Checking syn v2.0.119
    Checking tinystr v0.8.4
    Checking potential_utf v0.1.6
    Checking icu_collections v2.3.0
    Checking icu_locale_core v2.3.0
    Checking toml_parser v1.1.3+spec-1.1.0
    Checking regex-automata v0.4.18
    Checking icu_provider v2.3.1
    Checking serde_spanned v1.1.1
    Checking toml_datetime v1.1.1+spec-1.1.0
    Checking icu_properties v2.3.0
    Checking icu_normalizer v2.3.0
    Checking toml v1.1.6+spec-1.1.0
    Checking oco_ref v0.2.1
    Checking serde_qs v0.15.0
    Checking js-sys v0.3.105
    Checking futures-executor v0.3.34
    Checking futures v0.3.34
    Checking hydration_context v0.3.1
    Checking config v0.15.26
    Checking codee v0.3.5
    Checking peachsh-protocol v0.1.0 (../nhc-c-review-cli\NoManCode\rust-app\crates\protocol)
    Checking idna_adapter v1.2.2
    Checking idna v1.1.0
    Checking regex v1.13.1
    Checking rstml v0.12.1
    Checking url v2.5.8
    Checking leptos_config v0.8.10
    Checking leptos_hot_reload v0.8.6
    Checking wasm-bindgen-futures v0.4.78
    Checking web-sys v0.3.105
    Checking any_spawner v0.3.0
    Checking gloo-utils v0.2.0
    Checking wasm-streams v0.5.0
    Checking gloo-net v0.6.0
    Checking reactive_stores v0.4.3
    Checking leptos_server v0.8.7
    Checking leptos_dom v0.8.8
    Checking peachsh-ui v0.1.0 (../nhc-c-review-cli\NoManCode\rust-app\crates\ui)
    Finished `dev` profile [unoptimized] target(s) in 25.61s
warning: the following packages contain code that will be rejected by a future version of Rust: proc-macro-error2 v2.0.1
note: to see what the problems were, use the option `--future-incompat-report`, or run `cargo report future-incompatibilities --id 1`
