   Compiling proc-macro2 v1.0.107
   Compiling serde_core v1.0.229
    Checking futures-io v0.3.34
   Compiling serde v1.0.229
   Compiling semver v1.0.28
    Checking unicode-ident v1.0.26
   Compiling wasm-bindgen-shared v0.2.128
   Compiling thiserror v2.0.20
   Compiling rustversion v1.0.23
    Checking futures-channel v0.3.34
    Checking windows-sys v0.61.2
   Compiling unicode-segmentation v1.13.3
   Compiling proc-macro2-diagnostics v0.10.1
   Compiling unicode-xid v0.2.6
    Checking parking v2.2.1
   Compiling smallvec v1.16.1
    Checking or_poisoned v0.1.0
   Compiling paste v1.0.15
    Checking throw_error v0.3.1
   Compiling slotmap v1.1.1
   Compiling konst_macro_rules v0.2.19
    Checking send_wrapper v0.6.0
   Compiling camino v1.2.6
   Compiling thiserror v1.0.69
   Compiling xxhash-rust v0.8.18
    Checking rustc-hash v2.1.3
    Checking guardian v1.3.0
    Checking either v1.18.0
   Compiling yansi v1.0.1
    Checking winnow v1.0.4
   Compiling prettyplease v0.2.37
   Compiling rustc_version v0.4.1
    Checking wasm-encoder v0.259.0
    Checking event-listener v5.4.2
    Checking aho-corasick v1.1.5
    Checking html-escape v0.2.15
   Compiling collection_literals v1.0.3
    Checking const_str_slice_concat v0.1.0
    Checking erased v0.1.2
   Compiling interpolator v0.5.0
   Compiling konst v0.2.20
   Compiling convert_case v0.11.0
    Checking next_tuple v0.1.0
    Checking regex-syntax v0.8.11
    Checking itertools v0.14.0
    Checking drain_filter_polyfill v0.1.3
    Checking pathdiff v0.2.3
    Checking event-listener-strategy v0.5.4
   Compiling reactive_graph v0.2.14
   Compiling server_fn_macro v0.8.10
   Compiling tachys v0.2.18
   Compiling server_fn v0.8.13
   Compiling leptos_macro v0.8.17
    Checking async-lock v3.4.2
   Compiling base16 v0.2.1
    Checking convert_case v0.6.0
    Checking wast v259.0.0
    Checking const-str v1.1.0
   Compiling winapi-util v0.1.11
    Checking toml_parser v1.1.3+spec-1.1.0
   Compiling convert_case_extras v0.2.0
   Compiling leptos v0.8.15
    Checking regex-automata v0.4.18
    Checking mio v1.2.3
    Checking socket2 v0.6.5
    Checking anstyle-wincon v3.0.11
    Checking anstyle-query v1.1.5
    Checking async-once-cell v0.5.4
   Compiling same-file v1.0.6
    Checking quote v1.0.47
    Checking anstream v1.0.0
   Compiling walkdir v2.5.0
    Checking syn v2.0.119
   Compiling syn v3.0.6
   Compiling proc-macro-utils v0.10.0
    Checking clap_builder v4.6.7
   Compiling proc-macro-error-attr2 v2.0.0
   Compiling const_format_proc_macros v0.2.34
    Checking either_of v0.1.9
   Compiling wasm-bindgen v0.2.128
   Compiling manyhow-macros v0.11.4
   Compiling const_format v0.2.36
    Checking serde_json v1.0.151
    Checking toml_datetime v1.1.1+spec-1.1.0
    Checking serde_spanned v1.1.1
    Checking serde_path_to_error v0.1.20
    Checking regex v1.13.1
    Checking toml v1.1.6+spec-1.1.0
    Checking config v0.15.26
    Checking wat v1.259.0
    Checking wasmi v2.0.0
   Compiling proc-macro-error2 v2.0.1
   Compiling manyhow v0.11.4
   Compiling synstructure v0.14.0
   Compiling wasm-bindgen-macro-support v0.2.128
   Compiling syn_derive v0.2.0
   Compiling quote-use-macros v0.8.4
   Compiling thiserror-impl v1.0.69
   Compiling pin-project-internal v1.1.13
   Compiling reactive_stores_macro v0.4.3
   Compiling typed-builder-macro v0.23.2
   Compiling wasm_split_macros v0.2.2
   Compiling async-stream-impl v0.3.6
   Compiling server_fn_macro_default v0.8.5
   Compiling futures-macro v0.3.34
   Compiling serde_derive v1.0.229
   Compiling zerofrom-derive v0.1.8
   Compiling yoke-derive v0.8.3
   Compiling thiserror-impl v2.0.20
   Compiling zerovec-derive v0.11.6
   Compiling displaydoc v0.2.7
   Compiling tokio-macros v2.7.2
   Compiling derive-where v1.7.0
   Compiling async-trait v0.1.92
   Compiling clap_derive v4.6.7
   Compiling quote-use v0.8.4
    Checking async-stream v0.3.6
    Checking wasm_split_helpers v0.2.3
   Compiling attribute-derive-macro v0.10.5
    Checking tokio v1.53.1
    Checking futures-util v0.3.34
    Checking pin-project v1.1.13
    Checking typed-builder v0.23.2
    Checking zerofrom v0.1.8
   Compiling rstml v0.12.1
    Checking yoke v0.8.3
    Checking zerovec v0.11.8
    Checking zerotrie v0.2.5
   Compiling attribute-derive v0.10.5
    Checking clap v4.6.7
    Checking tinystr v0.8.4
    Checking potential_utf v0.1.6
    Checking icu_collections v2.3.0
    Checking icu_locale_core v2.3.0
   Compiling wasm-bindgen-macro v0.2.128
    Checking icu_provider v2.3.1
    Checking oco_ref v0.2.1
    Checking serde_urlencoded v0.7.1
    Checking serde_qs v0.15.0
    Checking codee v0.3.5
    Checking peachsh-protocol v0.1.0 (../nhc-c-review-cli\NoManCode\rust-app\crates\protocol)
    Checking leptos_config v0.8.10
    Checking leptos_hot_reload v0.8.6
    Checking serde_yaml v0.9.34+deprecated
    Checking futures-executor v0.3.34
    Checking futures v0.3.34
    Checking icu_properties v2.3.0
    Checking icu_normalizer v2.3.0
    Checking hydration_context v0.3.1
    Checking hyper v1.11.1
    Checking tower v0.5.3
    Checking tokio-rustls v0.26.5
    Checking tokio-util v0.7.19
    Checking idna_adapter v1.2.2
    Checking idna v1.1.0
    Checking url v2.5.8
    Checking js-sys v0.3.105
    Checking hyper-util v0.1.20
    Checking tower-http v0.6.11
    Checking hyper-rustls v0.27.9
    Checking axum v0.8.9
    Checking reqwest v0.12.28
    Checking peachsh v0.2.0 (../nhc-c-review-cli\NoManCode\rust-app)
    Checking wasm-bindgen-futures v0.4.78
    Checking web-sys v0.3.105
    Checking any_spawner v0.3.0
    Checking reactive_stores v0.4.3
    Checking gloo-utils v0.2.0
    Checking wasm-streams v0.5.0
    Checking gloo-net v0.6.0
    Checking leptos_server v0.8.7
    Checking leptos_dom v0.8.8
    Checking peachsh-ui v0.1.0 (../nhc-c-review-cli\NoManCode\rust-app\crates\ui)
    Finished `dev` profile [unoptimized] target(s) in 28.53s
warning: the following packages contain code that will be rejected by a future version of Rust: proc-macro-error2 v2.0.1
note: to see what the problems were, use the option `--future-incompat-report`, or run `cargo report future-incompatibilities --id 1`
