    Checking windows-link v0.2.1
    Checking cfg-if v1.0.5
    Checking smallvec v1.16.1
    Checking stable_deref_trait v1.2.1
    Checking pin-project-lite v0.2.17
    Checking itoa v1.0.18
    Checking bytes v1.12.1
    Checking futures-core v0.3.34
    Checking scopeguard v1.2.0
    Checking once_cell v1.21.4
    Checking litemap v0.8.3
    Checking writeable v0.6.4
    Checking utf8_iter v1.0.4
    Checking log v0.4.34
    Checking percent-encoding v2.3.2
    Checking futures-task v0.3.34
    Checking tower-service v0.3.3
    Checking zeroize v1.9.0
    Checking slab v0.4.12
    Checking memchr v2.8.3
    Checking try-lock v0.2.5
    Checking serde_core v1.0.229
    Checking icu_normalizer_data v2.3.0
    Checking icu_properties_data v2.3.0
    Checking untrusted v0.9.0
    Checking httparse v1.10.1
    Checking tower-layer v0.3.3
    Checking typenum v1.20.1
    Checking zerofrom v0.1.8
    Checking httpdate v1.0.3
    Checking bitflags v2.13.2
    Checking atomic-waker v1.1.2
    Checking windows-sys v0.61.2
    Checking getrandom v0.2.17
    Checking zmij v1.0.23
    Checking libc v0.2.189
    Checking anstyle v1.0.14
    Checking lock_api v0.4.14
    Checking parking_lot_core v0.9.12
    Checking tracing-core v0.1.36
    Checking futures-channel v0.3.34
    Checking sync_wrapper v1.0.2
    Checking subtle v2.6.1
    Checking once_cell_polyfill v1.70.2
    Checking ipnet v2.12.2
    Checking leb128fmt v0.1.0
    Checking ryu v1.0.23
    Checking http v1.5.0
    Checking form_urlencoded v1.2.2
    Checking rustls-pki-types v1.15.1
    Checking base64 v0.22.1
    Checking futures-util v0.3.34
    Checking want v0.3.1
    Checking utf8parse v0.2.2
    Checking libm v0.2.16
    Checking yoke v0.8.3
    Checking ring v0.17.14
    Checking is_terminal_polyfill v1.70.2
    Checking foldhash v0.1.5
    Checking unicode-width v0.2.2
    Checking colorchoice v1.0.5
    Checking wasm-encoder v0.259.0
    Checking bumpalo v3.20.3
    Checking windows_x86_64_msvc v0.52.6
    Checking getrandom v0.4.3
    Checking clap_lex v1.1.1
    Checking hashbrown v0.17.1
    Checking futures-sink v0.3.34
    Checking anstyle-parse v1.0.0
    Checking strsim v0.11.1
    Checking equivalent v1.0.2
    Checking mime v0.3.17
    Checking libsqlite3-sys v0.35.0
    Checking wasmparser v0.228.0
    Checking cpufeatures v0.2.17
    Checking windows-targets v0.52.6
    Checking parking_lot v0.12.5
    Checking hashbrown v0.15.5
    Checking fallible-iterator v0.3.0
    Checking matchit v0.8.4
    Checking spin v0.9.9
    Checking fallible-streaming-iterator v0.1.9
    Checking wasmi_collections v2.0.0
    Checking unsafe-libyaml v0.2.11
    Checking windows-sys v0.59.0
    Checking uuid v1.26.1
    Checking zerovec v0.11.8
    Checking zerotrie v0.2.5
    Checking async-stream v0.3.6
    Checking anyhow v1.0.104
    Checking fastrand v2.5.0
    Checking tracing v0.1.44
    Checking webpki-roots v1.0.9
    Checking indexmap v2.14.2
    Checking http-body v1.1.0
    Checking hashlink v0.10.0
    Checking generic-array v0.14.7
    Checking http-body-util v0.1.5
    Checking tinystr v0.8.4
    Checking potential_utf v0.1.6
    Checking rusqlite v0.37.0
    Checking icu_collections v2.3.0
    Checking icu_locale_core v2.3.0
    Checking wasmi_core v2.0.0
    Checking wast v259.0.0
    Checking axum-core v0.5.6
    Checking rustls-webpki v0.103.15
    Checking crypto-common v0.1.7
    Checking block-buffer v0.10.4
    Checking wasmi_ir v2.0.0
    Checking digest v0.10.7
    Checking sha2 v0.10.9
    Checking rustls v0.23.45
    Checking icu_provider v2.3.1
    Checking serde v1.0.229
    Checking serde_json v1.0.151
    Checking serde_path_to_error v0.1.20
    Checking icu_properties v2.3.0
    Checking icu_normalizer v2.3.0
    Checking mio v1.2.3
    Checking socket2 v0.6.5
    Checking anstyle-wincon v3.0.11
    Checking anstyle-query v1.1.5
    Checking tempfile v3.27.0
    Checking anstream v1.0.0
    Checking serde_urlencoded v0.7.1
    Checking serde_yaml v0.9.34+deprecated
    Checking tokio v1.53.1
    Checking clap_builder v4.6.7
    Checking peachsh-protocol v0.1.0 (../nhc-c-review-cli\NoManCode\rust-app\crates\protocol)
    Checking idna_adapter v1.2.2
    Checking idna v1.1.0
    Checking url v2.5.8
    Checking clap v4.6.7
    Checking wat v1.259.0
    Checking wasmi v2.0.0
    Checking hyper v1.11.1
    Checking tower v0.5.3
    Checking tokio-rustls v0.26.5
    Checking tokio-util v0.7.19
    Checking tower-http v0.6.11
    Checking hyper-util v0.1.20
    Checking hyper-rustls v0.27.9
    Checking axum v0.8.9
    Checking reqwest v0.12.28
    Checking peachsh v0.2.0 (../nhc-c-review-cli\NoManCode\rust-app)
    Finished `dev` profile [unoptimized] target(s) in 12.16s
